Command line invocation:
    /Applications/Xcode_26.6.app/Contents/Developer/usr/bin/xcodebuild build -scheme MrSpicyUI -configuration Release -destination generic/platform=iOS -derivedDataPath build-device CODE_SIGNING_ALLOWED=NO

Build settings from command line:
    CODE_SIGNING_ALLOWED = NO

Resolve Package Graph
2026-10-09 09:55:56.172 xcodebuild[14022:42640] [MT] IDERunDestination: Supported platforms for the buildables in the current scheme is empty.

Resolve Package Graph


Resolved source packages:
  MrSpicyUI: /Users/runner/work/8ballspicy/8ballspicy/MrSpicyUI

ComputePackagePrebuildTargetDependencyGraph

Prepare packages

CreateBuildRequest

SendProjectDescription

CreateBuildOperation

ComputeTargetDependencyGraph
note: Building targets in dependency order
note: Target dependency graph (3 targets)
    Target 'MrSpicyUI' in project 'MrSpicyUI'
        ➜ Explicit dependency on target 'MrSpicyUI' in project 'MrSpicyUI'
        ➜ Explicit dependency on target 'MrSpicyUI_MrSpicyUI' in project 'MrSpicyUI'
    Target 'MrSpicyUI' in project 'MrSpicyUI'
        ➜ Explicit dependency on target 'MrSpicyUI_MrSpicyUI' in project 'MrSpicyUI'
    Target 'MrSpicyUI_MrSpicyUI' in project 'MrSpicyUI' (no dependencies)

GatherProvisioningInputs

CreateBuildDescription

ExecuteExternalTool /Applications/Xcode_26.6.app/Contents/Developer/Toolchains/XcodeDefault.xctoolchain/usr/bin/swiftc --version

ExecuteExternalTool /Applications/Xcode_26.6.app/Contents/Developer/Toolchains/XcodeDefault.xctoolchain/usr/bin/clang -v -E -dM -isysroot /Applications/Xcode_26.6.app/Contents/Developer/Platforms/iPhoneOS.platform/Developer/SDKs/iPhoneOS26.5.sdk -x c -c /dev/null

ExecuteExternalTool /Applications/Xcode_26.6.app/Contents/Developer/Toolchains/XcodeDefault.xctoolchain/usr/bin/ld -version_details

Build description signature: d9d2913bdd80b86c77d30a2c2476a06d
Build description path: /Users/runner/work/8ballspicy/8ballspicy/MrSpicyUI/build-device/Build/Intermediates.noindex/XCBuildData/d9d2913bdd80b86c77d30a2c2476a06d.xcbuilddata
ClangStatCache /Applications/Xcode_26.6.app/Contents/Developer/Toolchains/XcodeDefault.xctoolchain/usr/bin/clang-stat-cache /Applications/Xcode_26.6.app/Contents/Developer/Platforms/iPhoneOS.platform/Developer/SDKs/iPhoneOS26.5.sdk /Users/runner/work/8ballspicy/8ballspicy/MrSpicyUI/build-device/SDKStatCaches.noindex/iphoneos26.5-23F81a-688ef53f1462e2c8f657fdc38a81448fee66e23052a0157c865c76b268046726.sdkstatcache
    cd /Users/runner/work/8ballspicy/8ballspicy/MrSpicyUI/.swiftpm/xcode
    /Applications/Xcode_26.6.app/Contents/Developer/Toolchains/XcodeDefault.xctoolchain/usr/bin/clang-stat-cache /Applications/Xcode_26.6.app/Contents/Developer/Platforms/iPhoneOS.platform/Developer/SDKs/iPhoneOS26.5.sdk -o /Users/runner/work/8ballspicy/8ballspicy/MrSpicyUI/build-device/SDKStatCaches.noindex/iphoneos26.5-23F81a-688ef53f1462e2c8f657fdc38a81448fee66e23052a0157c865c76b268046726.sdkstatcache

CreateBuildDirectory /Users/runner/work/8ballspicy/8ballspicy/MrSpicyUI/build-device/Build/Products
    cd /Users/runner/work/8ballspicy/8ballspicy/MrSpicyUI/.swiftpm/xcode
    builtin-create-build-directory /Users/runner/work/8ballspicy/8ballspicy/MrSpicyUI/build-device/Build/Products

CreateBuildDirectory /Users/runner/work/8ballspicy/8ballspicy/MrSpicyUI/build-device/Build/Intermediates.noindex
    cd /Users/runner/work/8ballspicy/8ballspicy/MrSpicyUI/.swiftpm/xcode
    builtin-create-build-directory /Users/runner/work/8ballspicy/8ballspicy/MrSpicyUI/build-device/Build/Intermediates.noindex

CreateBuildDirectory /Users/runner/work/8ballspicy/8ballspicy/MrSpicyUI/build-device/Build/Intermediates.noindex/SwiftExplicitPrecompiledModules
    cd /Users/runner/work/8ballspicy/8ballspicy/MrSpicyUI/.swiftpm/xcode
    builtin-create-build-directory /Users/runner/work/8ballspicy/8ballspicy/MrSpicyUI/build-device/Build/Intermediates.noindex/SwiftExplicitPrecompiledModules

CreateBuildDirectory /Users/runner/work/8ballspicy/8ballspicy/MrSpicyUI/build-device/Build/Products/Release-iphoneos
    cd /Users/runner/work/8ballspicy/8ballspicy/MrSpicyUI/.swiftpm/xcode
    builtin-create-build-directory /Users/runner/work/8ballspicy/8ballspicy/MrSpicyUI/build-device/Build/Products/Release-iphoneos

CreateBuildDirectory /Users/runner/work/8ballspicy/8ballspicy/MrSpicyUI/build-device/Build/Intermediates.noindex/ExplicitPrecompiledModules
    cd /Users/runner/work/8ballspicy/8ballspicy/MrSpicyUI/.swiftpm/xcode
    builtin-create-build-directory /Users/runner/work/8ballspicy/8ballspicy/MrSpicyUI/build-device/Build/Intermediates.noindex/ExplicitPrecompiledModules

CreateBuildDirectory /Users/runner/work/8ballspicy/8ballspicy/MrSpicyUI/build-device/Build/Intermediates.noindex/EagerLinkingTBDs/Release-iphoneos
    cd /Users/runner/work/8ballspicy/8ballspicy/MrSpicyUI/.swiftpm/xcode
    builtin-create-build-directory /Users/runner/work/8ballspicy/8ballspicy/MrSpicyUI/build-device/Build/Intermediates.noindex/EagerLinkingTBDs/Release-iphoneos

CreateBuildDirectory /Users/runner/work/8ballspicy/8ballspicy/MrSpicyUI/build-device/Build/Products/Release-iphoneos/PackageFrameworks
    cd /Users/runner/work/8ballspicy/8ballspicy/MrSpicyUI/.swiftpm/xcode
    builtin-create-build-directory /Users/runner/work/8ballspicy/8ballspicy/MrSpicyUI/build-device/Build/Products/Release-iphoneos/PackageFrameworks

WriteAuxiliaryFile /Users/runner/work/8ballspicy/8ballspicy/MrSpicyUI/build-device/Build/Intermediates.noindex/MrSpicyUI.build/Release-iphoneos/MrSpicyUI_MrSpicyUI.build/empty-MrSpicyUI_MrSpicyUI.plist (in target 'MrSpicyUI_MrSpicyUI' from project 'MrSpicyUI')
    cd /Users/runner/work/8ballspicy/8ballspicy/MrSpicyUI
    write-file /Users/runner/work/8ballspicy/8ballspicy/MrSpicyUI/build-device/Build/Intermediates.noindex/MrSpicyUI.build/Release-iphoneos/MrSpicyUI_MrSpicyUI.build/empty-MrSpicyUI_MrSpicyUI.plist

WriteAuxiliaryFile /Users/runner/work/8ballspicy/8ballspicy/MrSpicyUI/build-device/Build/Intermediates.noindex/MrSpicyUI.build/Release-iphoneos/MrSpicyUI_MrSpicyUI.build/MrSpicyUI_MrSpicyUI.DependencyStaticMetadataFileList (in target 'MrSpicyUI_MrSpicyUI' from project 'MrSpicyUI')
    cd /Users/runner/work/8ballspicy/8ballspicy/MrSpicyUI
    write-file /Users/runner/work/8ballspicy/8ballspicy/MrSpicyUI/build-device/Build/Intermediates.noindex/MrSpicyUI.build/Release-iphoneos/MrSpicyUI_MrSpicyUI.build/MrSpicyUI_MrSpicyUI.DependencyStaticMetadataFileList

WriteAuxiliaryFile /Users/runner/work/8ballspicy/8ballspicy/MrSpicyUI/build-device/Build/Intermediates.noindex/MrSpicyUI.build/Release-iphoneos/MrSpicyUI_MrSpicyUI.build/MrSpicyUI_MrSpicyUI.DependencyMetadataFileList (in target 'MrSpicyUI_MrSpicyUI' from project 'MrSpicyUI')
    cd /Users/runner/work/8ballspicy/8ballspicy/MrSpicyUI
    write-file /Users/runner/work/8ballspicy/8ballspicy/MrSpicyUI/build-device/Build/Intermediates.noindex/MrSpicyUI.build/Release-iphoneos/MrSpicyUI_MrSpicyUI.build/MrSpicyUI_MrSpicyUI.DependencyMetadataFileList

MkDir /Users/runner/work/8ballspicy/8ballspicy/MrSpicyUI/build-device/Build/Products/Release-iphoneos/MrSpicyUI_MrSpicyUI.bundle (in target 'MrSpicyUI_MrSpicyUI' from project 'MrSpicyUI')
    cd /Users/runner/work/8ballspicy/8ballspicy/MrSpicyUI
    /bin/mkdir -p /Users/runner/work/8ballspicy/8ballspicy/MrSpicyUI/build-device/Build/Products/Release-iphoneos/MrSpicyUI_MrSpicyUI.bundle

WriteAuxiliaryFile /Users/runner/work/8ballspicy/8ballspicy/MrSpicyUI/build-device/Build/Intermediates.noindex/MrSpicyUI.build/Release-iphoneos/MrSpicyUI.build/Objects-normal/arm64/MrSpicyUI_const_extract_protocols.json (in target 'MrSpicyUI' from project 'MrSpicyUI')
    cd /Users/runner/work/8ballspicy/8ballspicy/MrSpicyUI
    write-file /Users/runner/work/8ballspicy/8ballspicy/MrSpicyUI/build-device/Build/Intermediates.noindex/MrSpicyUI.build/Release-iphoneos/MrSpicyUI.build/Objects-normal/arm64/MrSpicyUI_const_extract_protocols.json

WriteAuxiliaryFile /Users/runner/work/8ballspicy/8ballspicy/MrSpicyUI/build-device/Build/Intermediates.noindex/MrSpicyUI.build/Release-iphoneos/MrSpicyUI.build/Objects-normal/arm64/MrSpicyUI.SwiftFileList (in target 'MrSpicyUI' from project 'MrSpicyUI')
    cd /Users/runner/work/8ballspicy/8ballspicy/MrSpicyUI
    write-file /Users/runner/work/8ballspicy/8ballspicy/MrSpicyUI/build-device/Build/Intermediates.noindex/MrSpicyUI.build/Release-iphoneos/MrSpicyUI.build/Objects-normal/arm64/MrSpicyUI.SwiftFileList

WriteAuxiliaryFile /Users/runner/work/8ballspicy/8ballspicy/MrSpicyUI/build-device/Build/Intermediates.noindex/MrSpicyUI.build/Release-iphoneos/MrSpicyUI.build/Objects-normal/arm64/MrSpicyUI.SwiftConstValuesFileList (in target 'MrSpicyUI' from project 'MrSpicyUI')
    cd /Users/runner/work/8ballspicy/8ballspicy/MrSpicyUI
    write-file /Users/runner/work/8ballspicy/8ballspicy/MrSpicyUI/build-device/Build/Intermediates.noindex/MrSpicyUI.build/Release-iphoneos/MrSpicyUI.build/Objects-normal/arm64/MrSpicyUI.SwiftConstValuesFileList

WriteAuxiliaryFile /Users/runner/work/8ballspicy/8ballspicy/MrSpicyUI/build-device/Build/Intermediates.noindex/MrSpicyUI.build/Release-iphoneos/MrSpicyUI.build/Objects-normal/arm64/MrSpicyUI.LinkFileList (in target 'MrSpicyUI' from project 'MrSpicyUI')
    cd /Users/runner/work/8ballspicy/8ballspicy/MrSpicyUI
    write-file /Users/runner/work/8ballspicy/8ballspicy/MrSpicyUI/build-device/Build/Intermediates.noindex/MrSpicyUI.build/Release-iphoneos/MrSpicyUI.build/Objects-normal/arm64/MrSpicyUI.LinkFileList

WriteAuxiliaryFile /Users/runner/work/8ballspicy/8ballspicy/MrSpicyUI/build-device/Build/Intermediates.noindex/MrSpicyUI.build/Release-iphoneos/MrSpicyUI.build/Objects-normal/arm64/MrSpicyUI-OutputFileMap.json (in target 'MrSpicyUI' from project 'MrSpicyUI')
    cd /Users/runner/work/8ballspicy/8ballspicy/MrSpicyUI
    write-file /Users/runner/work/8ballspicy/8ballspicy/MrSpicyUI/build-device/Build/Intermediates.noindex/MrSpicyUI.build/Release-iphoneos/MrSpicyUI.build/Objects-normal/arm64/MrSpicyUI-OutputFileMap.json

WriteAuxiliaryFile /Users/runner/work/8ballspicy/8ballspicy/MrSpicyUI/build-device/Build/Intermediates.noindex/MrSpicyUI.build/Release-iphoneos/MrSpicyUI.build/MrSpicyUI.modulemap (in target 'MrSpicyUI' from project 'MrSpicyUI')
    cd /Users/runner/work/8ballspicy/8ballspicy/MrSpicyUI
    write-file /Users/runner/work/8ballspicy/8ballspicy/MrSpicyUI/build-device/Build/Intermediates.noindex/MrSpicyUI.build/Release-iphoneos/MrSpicyUI.build/MrSpicyUI.modulemap

WriteAuxiliaryFile /Users/runner/work/8ballspicy/8ballspicy/MrSpicyUI/build-device/Build/Intermediates.noindex/MrSpicyUI.build/Release-iphoneos/MrSpicyUI.build/MrSpicyUI.DependencyStaticMetadataFileList (in target 'MrSpicyUI' from project 'MrSpicyUI')
    cd /Users/runner/work/8ballspicy/8ballspicy/MrSpicyUI
    write-file /Users/runner/work/8ballspicy/8ballspicy/MrSpicyUI/build-device/Build/Intermediates.noindex/MrSpicyUI.build/Release-iphoneos/MrSpicyUI.build/MrSpicyUI.DependencyStaticMetadataFileList

WriteAuxiliaryFile /Users/runner/work/8ballspicy/8ballspicy/MrSpicyUI/build-device/Build/Intermediates.noindex/MrSpicyUI.build/Release-iphoneos/MrSpicyUI.build/MrSpicyUI.DependencyMetadataFileList (in target 'MrSpicyUI' from project 'MrSpicyUI')
    cd /Users/runner/work/8ballspicy/8ballspicy/MrSpicyUI
    write-file /Users/runner/work/8ballspicy/8ballspicy/MrSpicyUI/build-device/Build/Intermediates.noindex/MrSpicyUI.build/Release-iphoneos/MrSpicyUI.build/MrSpicyUI.DependencyMetadataFileList

WriteAuxiliaryFile /Users/runner/work/8ballspicy/8ballspicy/MrSpicyUI/build-device/Build/Intermediates.noindex/MrSpicyUI.build/Release-iphoneos/MrSpicyUI.build/DerivedSources/resource_bundle_accessor.swift (in target 'MrSpicyUI' from project 'MrSpicyUI')
    cd /Users/runner/work/8ballspicy/8ballspicy/MrSpicyUI
    write-file /Users/runner/work/8ballspicy/8ballspicy/MrSpicyUI/build-device/Build/Intermediates.noindex/MrSpicyUI.build/Release-iphoneos/MrSpicyUI.build/DerivedSources/resource_bundle_accessor.swift

Copy /Users/runner/work/8ballspicy/8ballspicy/MrSpicyUI/build-device/Build/Intermediates.noindex/GeneratedModuleMaps-iphoneos/MrSpicyUI.modulemap /Users/runner/work/8ballspicy/8ballspicy/MrSpicyUI/build-device/Build/Intermediates.noindex/MrSpicyUI.build/Release-iphoneos/MrSpicyUI.build/MrSpicyUI.modulemap (in target 'MrSpicyUI' from project 'MrSpicyUI')
    cd /Users/runner/work/8ballspicy/8ballspicy/MrSpicyUI
    builtin-copy -exclude .DS_Store -exclude CVS -exclude .svn -exclude .git -exclude .hg -strip-unsigned-binaries -strip-deterministic -strip-tool /Applications/Xcode_26.6.app/Contents/Developer/Toolchains/XcodeDefault.xctoolchain/usr/bin/strip -resolve-src-symlinks /Users/runner/work/8ballspicy/8ballspicy/MrSpicyUI/build-device/Build/Intermediates.noindex/MrSpicyUI.build/Release-iphoneos/MrSpicyUI.build/MrSpicyUI.modulemap /Users/runner/work/8ballspicy/8ballspicy/MrSpicyUI/build-device/Build/Intermediates.noindex/GeneratedModuleMaps-iphoneos

ProcessInfoPlistFile /Users/runner/work/8ballspicy/8ballspicy/MrSpicyUI/build-device/Build/Products/Release-iphoneos/MrSpicyUI_MrSpicyUI.bundle/Info.plist /Users/runner/work/8ballspicy/8ballspicy/MrSpicyUI/build-device/Build/Intermediates.noindex/MrSpicyUI.build/Release-iphoneos/MrSpicyUI_MrSpicyUI.build/empty-MrSpicyUI_MrSpicyUI.plist (in target 'MrSpicyUI_MrSpicyUI' from project 'MrSpicyUI')
    cd /Users/runner/work/8ballspicy/8ballspicy/MrSpicyUI
    builtin-infoPlistUtility /Users/runner/work/8ballspicy/8ballspicy/MrSpicyUI/build-device/Build/Intermediates.noindex/MrSpicyUI.build/Release-iphoneos/MrSpicyUI_MrSpicyUI.build/empty-MrSpicyUI_MrSpicyUI.plist -producttype com.apple.product-type.bundle -expandbuildsettings -format binary -platform iphoneos -requiredArchitecture arm64 -o /Users/runner/work/8ballspicy/8ballspicy/MrSpicyUI/build-device/Build/Products/Release-iphoneos/MrSpicyUI_MrSpicyUI.bundle/Info.plist

CpResource /Users/runner/work/8ballspicy/8ballspicy/MrSpicyUI/build-device/Build/Products/Release-iphoneos/MrSpicyUI_MrSpicyUI.bundle/spicy-s-mark.png /Users/runner/work/8ballspicy/8ballspicy/MrSpicyUI/Sources/MrSpicyUI/Resources/Branding/spicy-s-mark.png (in target 'MrSpicyUI_MrSpicyUI' from project 'MrSpicyUI')
    cd /Users/runner/work/8ballspicy/8ballspicy/MrSpicyUI
    builtin-copy -exclude .DS_Store -exclude CVS -exclude .svn -exclude .git -exclude .hg -strip-unsigned-binaries -strip-deterministic -strip-tool /Applications/Xcode_26.6.app/Contents/Developer/Toolchains/XcodeDefault.xctoolchain/usr/bin/strip -resolve-src-symlinks /Users/runner/work/8ballspicy/8ballspicy/MrSpicyUI/Sources/MrSpicyUI/Resources/Branding/spicy-s-mark.png /Users/runner/work/8ballspicy/8ballspicy/MrSpicyUI/build-device/Build/Products/Release-iphoneos/MrSpicyUI_MrSpicyUI.bundle

CpResource /Users/runner/work/8ballspicy/8ballspicy/MrSpicyUI/build-device/Build/Products/Release-iphoneos/MrSpicyUI_MrSpicyUI.bundle/en.lproj/Localizable.strings /Users/runner/work/8ballspicy/8ballspicy/MrSpicyUI/Sources/MrSpicyUI/Resources/en.lproj/Localizable.strings (in target 'MrSpicyUI_MrSpicyUI' from project 'MrSpicyUI')
    cd /Users/runner/work/8ballspicy/8ballspicy/MrSpicyUI
    builtin-copy -exclude .DS_Store -exclude CVS -exclude .svn -exclude .git -exclude .hg -strip-unsigned-binaries -strip-deterministic -strip-tool /Applications/Xcode_26.6.app/Contents/Developer/Toolchains/XcodeDefault.xctoolchain/usr/bin/strip -resolve-src-symlinks /Users/runner/work/8ballspicy/8ballspicy/MrSpicyUI/Sources/MrSpicyUI/Resources/en.lproj/Localizable.strings /Users/runner/work/8ballspicy/8ballspicy/MrSpicyUI/build-device/Build/Products/Release-iphoneos/MrSpicyUI_MrSpicyUI.bundle/en.lproj

CpResource /Users/runner/work/8ballspicy/8ballspicy/MrSpicyUI/build-device/Build/Products/Release-iphoneos/MrSpicyUI_MrSpicyUI.bundle/ar.lproj/Localizable.strings /Users/runner/work/8ballspicy/8ballspicy/MrSpicyUI/Sources/MrSpicyUI/Resources/ar.lproj/Localizable.strings (in target 'MrSpicyUI_MrSpicyUI' from project 'MrSpicyUI')
    cd /Users/runner/work/8ballspicy/8ballspicy/MrSpicyUI
    builtin-copy -exclude .DS_Store -exclude CVS -exclude .svn -exclude .git -exclude .hg -strip-unsigned-binaries -strip-deterministic -strip-tool /Applications/Xcode_26.6.app/Contents/Developer/Toolchains/XcodeDefault.xctoolchain/usr/bin/strip -resolve-src-symlinks /Users/runner/work/8ballspicy/8ballspicy/MrSpicyUI/Sources/MrSpicyUI/Resources/ar.lproj/Localizable.strings /Users/runner/work/8ballspicy/8ballspicy/MrSpicyUI/build-device/Build/Products/Release-iphoneos/MrSpicyUI_MrSpicyUI.bundle/ar.lproj

RegisterExecutionPolicyException /Users/runner/work/8ballspicy/8ballspicy/MrSpicyUI/build-device/Build/Products/Release-iphoneos/MrSpicyUI_MrSpicyUI.bundle (in target 'MrSpicyUI_MrSpicyUI' from project 'MrSpicyUI')
    cd /Users/runner/work/8ballspicy/8ballspicy/MrSpicyUI
    builtin-RegisterExecutionPolicyException /Users/runner/work/8ballspicy/8ballspicy/MrSpicyUI/build-device/Build/Products/Release-iphoneos/MrSpicyUI_MrSpicyUI.bundle

Touch /Users/runner/work/8ballspicy/8ballspicy/MrSpicyUI/build-device/Build/Products/Release-iphoneos/MrSpicyUI_MrSpicyUI.bundle (in target 'MrSpicyUI_MrSpicyUI' from project 'MrSpicyUI')
    cd /Users/runner/work/8ballspicy/8ballspicy/MrSpicyUI
    /usr/bin/touch -c /Users/runner/work/8ballspicy/8ballspicy/MrSpicyUI/build-device/Build/Products/Release-iphoneos/MrSpicyUI_MrSpicyUI.bundle

SwiftDriver MrSpicyUI normal arm64 com.apple.xcode.tools.swift.compiler (in target 'MrSpicyUI' from project 'MrSpicyUI')
    cd /Users/runner/work/8ballspicy/8ballspicy/MrSpicyUI/.swiftpm/xcode
    builtin-SwiftDriver -- /Applications/Xcode_26.6.app/Contents/Developer/Toolchains/XcodeDefault.xctoolchain/usr/bin/swiftc -module-name MrSpicyUI -O -whole-module-optimization @/Users/runner/work/8ballspicy/8ballspicy/MrSpicyUI/build-device/Build/Intermediates.noindex/MrSpicyUI.build/Release-iphoneos/MrSpicyUI.build/Objects-normal/arm64/MrSpicyUI.SwiftFileList -DSWIFT_PACKAGE -DSWIFT_MODULE_RESOURCE_BUNDLE_AVAILABLE -DXcode -plugin-path /Applications/Xcode_26.6.app/Contents/Developer/Toolchains/XcodeDefault.xctoolchain/usr/lib/swift/host/plugins/testing -enable-experimental-feature DebugDescriptionMacro -sdk /Applications/Xcode_26.6.app/Contents/Developer/Platforms/iPhoneOS.platform/Developer/SDKs/iPhoneOS26.5.sdk -target arm64-apple-ios13.0 -g -module-cache-path /Users/runner/work/8ballspicy/8ballspicy/MrSpicyUI/build-device/ModuleCache.noindex -Xfrontend -serialize-debugging-options -profile-coverage-mapping -profile-generate -swift-version 5 -I /Users/runner/work/8ballspicy/8ballspicy/MrSpicyUI/build-device/Build/Products/Release-iphoneos -Isystem /Applications/Xcode_26.6.app/Contents/Developer/Platforms/iPhoneOS.platform/Developer/usr/lib -F /Users/runner/work/8ballspicy/8ballspicy/MrSpicyUI/build-device/Build/Products/Release-iphoneos -F /Applications/Xcode_26.6.app/Contents/Developer/Platforms/iPhoneOS.platform/Developer/Library/Frameworks -F /Applications/Xcode_26.6.app/Contents/Developer/Platforms/iPhoneOS.platform/Developer/SDKs/iPhoneOS26.5.sdk/Developer/Library/Frameworks -emit-localized-strings -emit-localized-strings-path /Users/runner/work/8ballspicy/8ballspicy/MrSpicyUI/build-device/Build/Intermediates.noindex/MrSpicyUI.build/Release-iphoneos/MrSpicyUI.build/Objects-normal/arm64 -c -num-threads 3 -Xcc -ivfsstatcache -Xcc /Users/runner/work/8ballspicy/8ballspicy/MrSpicyUI/build-device/SDKStatCaches.noindex/iphoneos26.5-23F81a-688ef53f1462e2c8f657fdc38a81448fee66e23052a0157c865c76b268046726.sdkstatcache -output-file-map /Users/runner/work/8ballspicy/8ballspicy/MrSpicyUI/build-device/Build/Intermediates.noindex/MrSpicyUI.build/Release-iphoneos/MrSpicyUI.build/Objects-normal/arm64/MrSpicyUI-OutputFileMap.json -use-frontend-parseable-output -save-temps -no-color-diagnostics -explicit-module-build -module-cache-path /Users/runner/work/8ballspicy/8ballspicy/MrSpicyUI/build-device/Build/Intermediates.noindex/SwiftExplicitPrecompiledModules -clang-scanner-module-cache-path /Users/runner/work/8ballspicy/8ballspicy/MrSpicyUI/build-device/ModuleCache.noindex -sdk-module-cache-path /Users/runner/work/8ballspicy/8ballspicy/MrSpicyUI/build-device/ModuleCache.noindex -serialize-diagnostics -emit-dependencies -emit-module -emit-module-path /Users/runner/work/8ballspicy/8ballspicy/MrSpicyUI/build-device/Build/Intermediates.noindex/MrSpicyUI.build/Release-iphoneos/MrSpicyUI.build/Objects-normal/arm64/MrSpicyUI.swiftmodule -validate-clang-modules-once -clang-build-session-file /Users/runner/work/8ballspicy/8ballspicy/MrSpicyUI/build-device/ModuleCache.noindex/Session.modulevalidation -package-name mrspicyui -Xcc -I/Users/runner/work/8ballspicy/8ballspicy/MrSpicyUI/build-device/Build/Intermediates.noindex/MrSpicyUI.build/Release-iphoneos/MrSpicyUI.build/swift-overrides.hmap -emit-const-values -Xfrontend -const-gather-protocols-file -Xfrontend /Users/runner/work/8ballspicy/8ballspicy/MrSpicyUI/build-device/Build/Intermediates.noindex/MrSpicyUI.build/Release-iphoneos/MrSpicyUI.build/Objects-normal/arm64/MrSpicyUI_const_extract_protocols.json -Xcc -I/Users/runner/work/8ballspicy/8ballspicy/MrSpicyUI/build-device/Build/Products/Release-iphoneos/include -Xcc -I/Users/runner/work/8ballspicy/8ballspicy/MrSpicyUI/build-device/Build/Intermediates.noindex/MrSpicyUI.build/Release-iphoneos/MrSpicyUI.build/DerivedSources-normal/arm64 -Xcc -I/Users/runner/work/8ballspicy/8ballspicy/MrSpicyUI/build-device/Build/Intermediates.noindex/MrSpicyUI.build/Release-iphoneos/MrSpicyUI.build/DerivedSources/arm64 -Xcc -I/Users/runner/work/8ballspicy/8ballspicy/MrSpicyUI/build-device/Build/Intermediates.noindex/MrSpicyUI.build/Release-iphoneos/MrSpicyUI.build/DerivedSources -Xcc -DSWIFT_PACKAGE -emit-objc-header -emit-objc-header-path /Users/runner/work/8ballspicy/8ballspicy/MrSpicyUI/build-device/Build/Intermediates.noindex/MrSpicyUI.build/Release-iphoneos/MrSpicyUI.build/Objects-normal/arm64/MrSpicyUI-Swift.h -working-directory /Users/runner/work/8ballspicy/8ballspicy/MrSpicyUI/.swiftpm/xcode -no-emit-module-separately-wmo

SwiftDriver\ Compilation MrSpicyUI normal arm64 com.apple.xcode.tools.swift.compiler (in target 'MrSpicyUI' from project 'MrSpicyUI')
    cd /Users/runner/work/8ballspicy/8ballspicy/MrSpicyUI/.swiftpm/xcode
    builtin-Swift-Compilation -- /Applications/Xcode_26.6.app/Contents/Developer/Toolchains/XcodeDefault.xctoolchain/usr/bin/swiftc -module-name MrSpicyUI -O -whole-module-optimization @/Users/runner/work/8ballspicy/8ballspicy/MrSpicyUI/build-device/Build/Intermediates.noindex/MrSpicyUI.build/Release-iphoneos/MrSpicyUI.build/Objects-normal/arm64/MrSpicyUI.SwiftFileList -DSWIFT_PACKAGE -DSWIFT_MODULE_RESOURCE_BUNDLE_AVAILABLE -DXcode -plugin-path /Applications/Xcode_26.6.app/Contents/Developer/Toolchains/XcodeDefault.xctoolchain/usr/lib/swift/host/plugins/testing -enable-experimental-feature DebugDescriptionMacro -sdk /Applications/Xcode_26.6.app/Contents/Developer/Platforms/iPhoneOS.platform/Developer/SDKs/iPhoneOS26.5.sdk -target arm64-apple-ios13.0 -g -module-cache-path /Users/runner/work/8ballspicy/8ballspicy/MrSpicyUI/build-device/ModuleCache.noindex -Xfrontend -serialize-debugging-options -profile-coverage-mapping -profile-generate -swift-version 5 -I /Users/runner/work/8ballspicy/8ballspicy/MrSpicyUI/build-device/Build/Products/Release-iphoneos -Isystem /Applications/Xcode_26.6.app/Contents/Developer/Platforms/iPhoneOS.platform/Developer/usr/lib -F /Users/runner/work/8ballspicy/8ballspicy/MrSpicyUI/build-device/Build/Products/Release-iphoneos -F /Applications/Xcode_26.6.app/Contents/Developer/Platforms/iPhoneOS.platform/Developer/Library/Frameworks -F /Applications/Xcode_26.6.app/Contents/Developer/Platforms/iPhoneOS.platform/Developer/SDKs/iPhoneOS26.5.sdk/Developer/Library/Frameworks -emit-localized-strings -emit-localized-strings-path /Users/runner/work/8ballspicy/8ballspicy/MrSpicyUI/build-device/Build/Intermediates.noindex/MrSpicyUI.build/Release-iphoneos/MrSpicyUI.build/Objects-normal/arm64 -c -num-threads 3 -Xcc -ivfsstatcache -Xcc /Users/runner/work/8ballspicy/8ballspicy/MrSpicyUI/build-device/SDKStatCaches.noindex/iphoneos26.5-23F81a-688ef53f1462e2c8f657fdc38a81448fee66e23052a0157c865c76b268046726.sdkstatcache -output-file-map /Users/runner/work/8ballspicy/8ballspicy/MrSpicyUI/build-device/Build/Intermediates.noindex/MrSpicyUI.build/Release-iphoneos/MrSpicyUI.build/Objects-normal/arm64/MrSpicyUI-OutputFileMap.json -use-frontend-parseable-output -save-temps -no-color-diagnostics -explicit-module-build -module-cache-path /Users/runner/work/8ballspicy/8ballspicy/MrSpicyUI/build-device/Build/Intermediates.noindex/SwiftExplicitPrecompiledModules -clang-scanner-module-cache-path /Users/runner/work/8ballspicy/8ballspicy/MrSpicyUI/build-device/ModuleCache.noindex -sdk-module-cache-path /Users/runner/work/8ballspicy/8ballspicy/MrSpicyUI/build-device/ModuleCache.noindex -serialize-diagnostics -emit-dependencies -emit-module -emit-module-path /Users/runner/work/8ballspicy/8ballspicy/MrSpicyUI/build-device/Build/Intermediates.noindex/MrSpicyUI.build/Release-iphoneos/MrSpicyUI.build/Objects-normal/arm64/MrSpicyUI.swiftmodule -validate-clang-modules-once -clang-build-session-file /Users/runner/work/8ballspicy/8ballspicy/MrSpicyUI/build-device/ModuleCache.noindex/Session.modulevalidation -package-name mrspicyui -Xcc -I/Users/runner/work/8ballspicy/8ballspicy/MrSpicyUI/build-device/Build/Intermediates.noindex/MrSpicyUI.build/Release-iphoneos/MrSpicyUI.build/swift-overrides.hmap -emit-const-values -Xfrontend -const-gather-protocols-file -Xfrontend /Users/runner/work/8ballspicy/8ballspicy/MrSpicyUI/build-device/Build/Intermediates.noindex/MrSpicyUI.build/Release-iphoneos/MrSpicyUI.build/Objects-normal/arm64/MrSpicyUI_const_extract_protocols.json -Xcc -I/Users/runner/work/8ballspicy/8ballspicy/MrSpicyUI/build-device/Build/Products/Release-iphoneos/include -Xcc -I/Users/runner/work/8ballspicy/8ballspicy/MrSpicyUI/build-device/Build/Intermediates.noindex/MrSpicyUI.build/Release-iphoneos/MrSpicyUI.build/DerivedSources-normal/arm64 -Xcc -I/Users/runner/work/8ballspicy/8ballspicy/MrSpicyUI/build-device/Build/Intermediates.noindex/MrSpicyUI.build/Release-iphoneos/MrSpicyUI.build/DerivedSources/arm64 -Xcc -I/Users/runner/work/8ballspicy/8ballspicy/MrSpicyUI/build-device/Build/Intermediates.noindex/MrSpicyUI.build/Release-iphoneos/MrSpicyUI.build/DerivedSources -Xcc -DSWIFT_PACKAGE -emit-objc-header -emit-objc-header-path /Users/runner/work/8ballspicy/8ballspicy/MrSpicyUI/build-device/Build/Intermediates.noindex/MrSpicyUI.build/Release-iphoneos/MrSpicyUI.build/Objects-normal/arm64/MrSpicyUI-Swift.h -working-directory /Users/runner/work/8ballspicy/8ballspicy/MrSpicyUI/.swiftpm/xcode -no-emit-module-separately-wmo

SwiftExplicitDependencyGeneratePcm arm64 /Users/runner/work/8ballspicy/8ballspicy/MrSpicyUI/build-device/ModuleCache.noindex/_Builtin_stddef-7O68RO5149W95KWIVK1JZ0F4L.pcm

SwiftExplicitDependencyGeneratePcm arm64 /Users/runner/work/8ballspicy/8ballspicy/MrSpicyUI/build-device/ModuleCache.noindex/ptrauth-CII211QE4LDEBQAG95WSKAGAA.pcm

SwiftExplicitDependencyGeneratePcm arm64 /Users/runner/work/8ballspicy/8ballspicy/MrSpicyUI/build-device/ModuleCache.noindex/_SwiftConcurrencyShims-E909AI5WHNGT8BE3DUBY544BR.pcm

SwiftExplicitDependencyGeneratePcm arm64 /Users/runner/work/8ballspicy/8ballspicy/MrSpicyUI/build-device/ModuleCache.noindex/_Builtin_float-9RZD26YJK9VY2FTNLOO3W4AY6.pcm

SwiftExplicitDependencyGeneratePcm arm64 /Users/runner/work/8ballspicy/8ballspicy/MrSpicyUI/build-device/ModuleCache.noindex/DeveloperToolsSupport-AV0SR38JK5BDTJ73W4C6VXFV8.pcm

SwiftExplicitDependencyGeneratePcm arm64 /Users/runner/work/8ballspicy/8ballspicy/MrSpicyUI/build-device/ModuleCache.noindex/ptrcheck-CF14IUIZE1DJ8TGFXF9EJQ0OC.pcm

SwiftExplicitDependencyGeneratePcm arm64 /Users/runner/work/8ballspicy/8ballspicy/MrSpicyUI/build-device/ModuleCache.noindex/_Builtin_stdarg-5UTGOJFD5KHO0XRNJT3YA8PCR.pcm

SwiftExplicitDependencyGeneratePcm arm64 /Users/runner/work/8ballspicy/8ballspicy/MrSpicyUI/build-device/ModuleCache.noindex/_AvailabilityInternal-838QZQZO5M6MJE8HE09MZIIRR.pcm

SwiftExplicitDependencyGeneratePcm arm64 /Users/runner/work/8ballspicy/8ballspicy/MrSpicyUI/build-device/ModuleCache.noindex/_Builtin_stdbool-16XHU3FLKM8FV8C5YZPNOJZ6K.pcm

SwiftExplicitDependencyGeneratePcm arm64 /Users/runner/work/8ballspicy/8ballspicy/MrSpicyUI/build-device/ModuleCache.noindex/SwiftShims-CFMH802Y91WIA6KSERRC3N9Z.pcm

SwiftExplicitDependencyGeneratePcm arm64 /Users/runner/work/8ballspicy/8ballspicy/MrSpicyUI/build-device/ModuleCache.noindex/_DarwinFoundation1-84497WFLMUM7RWMURG5LC6M8T.pcm

SwiftExplicitDependencyGeneratePcm arm64 /Users/runner/work/8ballspicy/8ballspicy/MrSpicyUI/build-device/ModuleCache.noindex/_DarwinFoundation2-DWCHF9WYW5L67IHN3J77SLA4O.pcm

SwiftExplicitDependencyGeneratePcm arm64 /Users/runner/work/8ballspicy/8ballspicy/MrSpicyUI/build-device/ModuleCache.noindex/_Builtin_limits-A2P30L0K87263PU5XOSH70TYR.pcm

SwiftExplicitDependencyGeneratePcm arm64 /Users/runner/work/8ballspicy/8ballspicy/MrSpicyUI/build-device/ModuleCache.noindex/_Builtin_tgmath-8DJWAUZC5DIU4I7LUIW96PX7N.pcm

SwiftExplicitDependencyGeneratePcm arm64 /Users/runner/work/8ballspicy/8ballspicy/MrSpicyUI/build-device/ModuleCache.noindex/_Builtin_stdint-1JKPOWUREB8DJ6312V5QKJ2GX.pcm

SwiftExplicitDependencyGeneratePcm arm64 /Users/runner/work/8ballspicy/8ballspicy/MrSpicyUI/build-device/ModuleCache.noindex/sys_types-5K8FT25CRBKGMH1NQLANBFZEG.pcm

SwiftExplicitDependencyGeneratePcm arm64 /Users/runner/work/8ballspicy/8ballspicy/MrSpicyUI/build-device/ModuleCache.noindex/_Builtin_intrinsics-E1HSXF224I3KTSNOWM8RWFVX1.pcm

SwiftExplicitDependencyGeneratePcm arm64 /Users/runner/work/8ballspicy/8ballspicy/MrSpicyUI/build-device/ModuleCache.noindex/_Builtin_stdatomic-1GEUK61Q9UBJPSA1MP8MD1RS0.pcm

SwiftExplicitDependencyGeneratePcm arm64 /Users/runner/work/8ballspicy/8ballspicy/MrSpicyUI/build-device/ModuleCache.noindex/_DarwinFoundation3-FAURNDAV7PJRN2CHM92GFTJO.pcm

SwiftExplicitDependencyGeneratePcm arm64 /Users/runner/work/8ballspicy/8ballspicy/MrSpicyUI/build-device/ModuleCache.noindex/_Builtin_inttypes-30SF53J43S93YEDVHBR1XP6QD.pcm

SwiftExplicitDependencyGeneratePcm arm64 /Users/runner/work/8ballspicy/8ballspicy/MrSpicyUI/build-device/ModuleCache.noindex/Darwin-2OSTS16VBJXTG11RP0PWC68MZ.pcm

SwiftExplicitDependencyGeneratePcm arm64 /Users/runner/work/8ballspicy/8ballspicy/MrSpicyUI/build-device/ModuleCache.noindex/simd-4OK4U4Z5KPZT4EDZXZXKMLGCL.pcm

SwiftExplicitDependencyGeneratePcm arm64 /Users/runner/work/8ballspicy/8ballspicy/MrSpicyUI/build-device/ModuleCache.noindex/ObjectiveC-CBF219J3C1DXB10V9EEP03J3K.pcm

SwiftExplicitDependencyGeneratePcm arm64 /Users/runner/work/8ballspicy/8ballspicy/MrSpicyUI/build-device/ModuleCache.noindex/MachO-6CQ2ECOKFPWNDZBY690ALKNVK.pcm

SwiftExplicitDependencyGeneratePcm arm64 /Users/runner/work/8ballspicy/8ballspicy/MrSpicyUI/build-device/ModuleCache.noindex/os_object-6TX723EN0F09MCZUDBOBITO3U.pcm

SwiftExplicitDependencyGeneratePcm arm64 /Users/runner/work/8ballspicy/8ballspicy/MrSpicyUI/build-device/ModuleCache.noindex/os_workgroup-B04FXGK37OKEA61UGOAWZU8VR.pcm

SwiftExplicitDependencyGeneratePcm arm64 /Users/runner/work/8ballspicy/8ballspicy/MrSpicyUI/build-device/ModuleCache.noindex/Spatial-A6J4243VL5U87KZTG0CWLI27F.pcm

SwiftExplicitDependencyGeneratePcm arm64 /Users/runner/work/8ballspicy/8ballspicy/MrSpicyUI/build-device/ModuleCache.noindex/Dispatch-9BYX62M969NL1GL8P4KKCMJ2X.pcm

SwiftExplicitDependencyGeneratePcm arm64 /Users/runner/work/8ballspicy/8ballspicy/MrSpicyUI/build-device/ModuleCache.noindex/CoreFoundation-2CANZIHIP11YV189B9X6CUX21.pcm

SwiftExplicitDependencyGeneratePcm arm64 /Users/runner/work/8ballspicy/8ballspicy/MrSpicyUI/build-device/ModuleCache.noindex/XPC-AUZT3W4AP29470LV6LXV8UOKH.pcm

SwiftExplicitDependencyGeneratePcm arm64 /Users/runner/work/8ballspicy/8ballspicy/MrSpicyUI/build-device/ModuleCache.noindex/os-5O9M1BGURBTU6QG0HY8V0P7PX.pcm

SwiftExplicitDependencyGeneratePcm arm64 /Users/runner/work/8ballspicy/8ballspicy/MrSpicyUI/build-device/ModuleCache.noindex/CFNetwork-2HBLFUUF3G1C35H4LGA4EW6BC.pcm

SwiftExplicitDependencyGeneratePcm arm64 /Users/runner/work/8ballspicy/8ballspicy/MrSpicyUI/build-device/ModuleCache.noindex/Security-A1PO6OQQZL0OZORSOMSVQG73J.pcm

SwiftExplicitDependencyGeneratePcm arm64 /Users/runner/work/8ballspicy/8ballspicy/MrSpicyUI/build-device/ModuleCache.noindex/CoreGraphics-DKDL65TKN27J4J0W634TIN0CR.pcm

SwiftExplicitDependencyGeneratePcm arm64 /Users/runner/work/8ballspicy/8ballspicy/MrSpicyUI/build-device/ModuleCache.noindex/Foundation-ANDZMOVM5ORDR886GH4UBXPJO.pcm

SwiftExplicitDependencyGeneratePcm arm64 /Users/runner/work/8ballspicy/8ballspicy/MrSpicyUI/build-device/ModuleCache.noindex/CoreText-16THYJNH4JUYWMP71KBLV3F5D.pcm

SwiftExplicitDependencyGeneratePcm arm64 /Users/runner/work/8ballspicy/8ballspicy/MrSpicyUI/build-device/ModuleCache.noindex/ImageIO-D9Z001R00KNKRHHXZWBB96JV2.pcm

SwiftExplicitDependencyGeneratePcm arm64 /Users/runner/work/8ballspicy/8ballspicy/MrSpicyUI/build-device/ModuleCache.noindex/Symbols-AB4YP8AMMHD146D5WX50PJDOM.pcm

SwiftExplicitDependencyGeneratePcm arm64 /Users/runner/work/8ballspicy/8ballspicy/MrSpicyUI/build-device/ModuleCache.noindex/UIUtilities-3767C0Q9V4SKKBFFINGP8UPUM.pcm

SwiftExplicitDependencyGeneratePcm arm64 /Users/runner/work/8ballspicy/8ballspicy/MrSpicyUI/build-device/ModuleCache.noindex/UserNotifications-4WEMOWGF2EOUZ4PY50PX0T2C4.pcm

SwiftExplicitDependencyGeneratePcm arm64 /Users/runner/work/8ballspicy/8ballspicy/MrSpicyUI/build-device/ModuleCache.noindex/CoreTransferable-1NGS13EGOZP44YGO53Z2QFWYN.pcm

SwiftExplicitDependencyGeneratePcm arm64 /Users/runner/work/8ballspicy/8ballspicy/MrSpicyUI/build-device/ModuleCache.noindex/UniformTypeIdentifiers-BVB5BFZXHIYS4ROULK6IFF1QM.pcm

SwiftExplicitDependencyGeneratePcm arm64 /Users/runner/work/8ballspicy/8ballspicy/MrSpicyUI/build-device/ModuleCache.noindex/DataDetection-43SC28LC7EUZ3RJZY0JLGBPVO.pcm

SwiftExplicitDependencyGeneratePcm arm64 /Users/runner/work/8ballspicy/8ballspicy/MrSpicyUI/build-device/ModuleCache.noindex/Accessibility-315D9L29XNCYMHT2L5LUITKII.pcm

SwiftExplicitDependencyGeneratePcm arm64 /Users/runner/work/8ballspicy/8ballspicy/MrSpicyUI/build-device/ModuleCache.noindex/IOSurface-EGQBAGKF66UAPBRUEPH7D1GBM.pcm

SwiftExplicitDependencyGeneratePcm arm64 /Users/runner/work/8ballspicy/8ballspicy/MrSpicyUI/build-device/ModuleCache.noindex/FileProvider-JLVKDSTVNP1ELAP1DYZO9X8I.pcm

SwiftExplicitDependencyGeneratePcm arm64 /Users/runner/work/8ballspicy/8ballspicy/MrSpicyUI/build-device/ModuleCache.noindex/OSLog-622JQ3YPWWVD5AHPASRB4N4IF.pcm

SwiftExplicitDependencyGeneratePcm arm64 /Users/runner/work/8ballspicy/8ballspicy/MrSpicyUI/build-device/ModuleCache.noindex/Metal-AIDSJ73ZQLUQB0I03K3C887UA.pcm

SwiftExplicitDependencyGeneratePcm arm64 /Users/runner/work/8ballspicy/8ballspicy/MrSpicyUI/build-device/ModuleCache.noindex/OpenGLES-DY1C7JURSE0UX6PX3VV25DJU4.pcm

SwiftExplicitDependencyGeneratePcm arm64 /Users/runner/work/8ballspicy/8ballspicy/MrSpicyUI/build-device/ModuleCache.noindex/CoreVideo-7MP05QCXE1W0XZZJAEHBQ84UB.pcm

SwiftExplicitDependencyGeneratePcm arm64 /Users/runner/work/8ballspicy/8ballspicy/MrSpicyUI/build-device/ModuleCache.noindex/QuartzCore-EL873338XAC7CHO8IVL8ZYHAM.pcm

SwiftExplicitDependencyGeneratePcm arm64 /Users/runner/work/8ballspicy/8ballspicy/MrSpicyUI/build-device/ModuleCache.noindex/CoreImage-32WBB3EQWAHDM1WVETYZN4KRI.pcm

SwiftExplicitDependencyGeneratePcm arm64 /Users/runner/work/8ballspicy/8ballspicy/MrSpicyUI/build-device/ModuleCache.noindex/SwiftUICore-9OVE53E363LW6OTS1MFJXVFN7.pcm

SwiftExplicitDependencyGeneratePcm arm64 /Users/runner/work/8ballspicy/8ballspicy/MrSpicyUI/build-device/ModuleCache.noindex/UIKit-A74P328D8D8XK4ZJA4KTKFVTV.pcm

SwiftCompile normal arm64 Compiling\ resource_bundle_accessor.swift,\ SpicyAccessibility.swift,\ SpicyBrand.swift,\ SpicyHeaderView.swift,\ SpicyHostBridge.swift,\ SpicyLocalization.swift,\ SpicyOverlayViewController.swift,\ SpicyPreferences.swift,\ SpicySettingsView.swift,\ SpicyTheme.swift,\ SpicyVersion.swift /Users/runner/work/8ballspicy/8ballspicy/MrSpicyUI/build-device/Build/Intermediates.noindex/MrSpicyUI.build/Release-iphoneos/MrSpicyUI.build/DerivedSources/resource_bundle_accessor.swift /Users/runner/work/8ballspicy/8ballspicy/MrSpicyUI/Sources/MrSpicyUI/SpicyAccessibility.swift /Users/runner/work/8ballspicy/8ballspicy/MrSpicyUI/Sources/MrSpicyUI/SpicyBrand.swift /Users/runner/work/8ballspicy/8ballspicy/MrSpicyUI/Sources/MrSpicyUI/SpicyHeaderView.swift /Users/runner/work/8ballspicy/8ballspicy/MrSpicyUI/Sources/MrSpicyUI/SpicyHostBridge.swift /Users/runner/work/8ballspicy/8ballspicy/MrSpicyUI/Sources/MrSpicyUI/SpicyLocalization.swift /Users/runner/work/8ballspicy/8ballspicy/MrSpicyUI/Sources/MrSpicyUI/SpicyOverlayViewController.swift /Users/runner/work/8ballspicy/8ballspicy/MrSpicyUI/Sources/MrSpicyUI/SpicyPreferences.swift /Users/runner/work/8ballspicy/8ballspicy/MrSpicyUI/Sources/MrSpicyUI/SpicySettingsView.swift /Users/runner/work/8ballspicy/8ballspicy/MrSpicyUI/Sources/MrSpicyUI/SpicyTheme.swift /Users/runner/work/8ballspicy/8ballspicy/MrSpicyUI/Sources/MrSpicyUI/SpicyVersion.swift /Applications/Xcode_26.6.app/Contents/Developer/Toolchains/XcodeDefault.xctoolchain/usr/lib/swift/iphoneos/prebuilt-modules/26.5/FileProvider.swiftmodule/arm64e-apple-ios.swiftmodule /Applications/Xcode_26.6.app/Contents/Developer/Toolchains/XcodeDefault.xctoolchain/usr/lib/swift/iphoneos/prebuilt-modules/26.5/Spatial.swiftmodule/arm64e-apple-ios.swiftmodule /Applications/Xcode_26.6.app/Contents/Developer/Toolchains/XcodeDefault.xctoolchain/usr/lib/swift/iphoneos/prebuilt-modules/26.5/_StringProcessing.swiftmodule/arm64e-apple-ios.swiftmodule /Applications/Xcode_26.6.app/Contents/Developer/Toolchains/XcodeDefault.xctoolchain/usr/lib/swift/iphoneos/prebuilt-modules/26.5/_DarwinFoundation3.swiftmodule/arm64e-apple-ios.swiftmodule /Applications/Xcode_26.6.app/Contents/Developer/Toolchains/XcodeDefault.xctoolchain/usr/lib/swift/iphoneos/prebuilt-modules/26.5/_DarwinFoundation2.swiftmodule/arm64e-apple-ios.swiftmodule /Applications/Xcode_26.6.app/Contents/Developer/Toolchains/XcodeDefault.xctoolchain/usr/lib/swift/iphoneos/prebuilt-modules/26.5/Dispatch.swiftmodule/arm64e-apple-ios.swiftmodule /Applications/Xcode_26.6.app/Contents/Developer/Toolchains/XcodeDefault.xctoolchain/usr/lib/swift/iphoneos/prebuilt-modules/26.5/Observation.swiftmodule/arm64e-apple-ios.swiftmodule /Applications/Xcode_26.6.app/Contents/Developer/Toolchains/XcodeDefault.xctoolchain/usr/lib/swift/iphoneos/prebuilt-modules/26.5/Symbols.swiftmodule/arm64e-apple-ios.swiftmodule /Applications/Xcode_26.6.app/Contents/Developer/Toolchains/XcodeDefault.xctoolchain/usr/lib/swift/iphoneos/prebuilt-modules/26.5/DeveloperToolsSupport.swiftmodule/arm64e-apple-ios.swiftmodule /Applications/Xcode_26.6.app/Contents/Developer/Toolchains/XcodeDefault.xctoolchain/usr/lib/swift/iphoneos/prebuilt-modules/26.5/_Builtin_float.swiftmodule/arm64e-apple-ios.swiftmodule /Applications/Xcode_26.6.app/Contents/Developer/Toolchains/XcodeDefault.xctoolchain/usr/lib/swift/iphoneos/prebuilt-modules/26.5/DataDetection.swiftmodule/arm64e-apple-ios.swiftmodule /Applications/Xcode_26.6.app/Contents/Developer/Toolchains/XcodeDefault.xctoolchain/usr/lib/swift/iphoneos/prebuilt-modules/26.5/Combine.swiftmodule/arm64e-apple-ios.swiftmodule /Applications/Xcode_26.6.app/Contents/Developer/Toolchains/XcodeDefault.xctoolchain/usr/lib/swift/iphoneos/prebuilt-modules/26.5/UIKit.swiftmodule/arm64e-apple-ios.swiftmodule /Applications/Xcode_26.6.app/Contents/Developer/Toolchains/XcodeDefault.xctoolchain/usr/lib/swift/iphoneos/prebuilt-modules/26.5/CoreFoundation.swiftmodule/arm64e-apple-ios.swiftmodule /Applications/Xcode_26.6.app/Contents/Developer/Toolchains/XcodeDefault.xctoolchain/usr/lib/swift/iphoneos/prebuilt-modules/26.5/CoreTransferable.swiftmodule/arm64e-apple-ios.swiftmodule /Applications/Xcode_26.6.app/Contents/Developer/Toolchains/XcodeDefault.xctoolchain/usr/lib/swift/iphoneos/prebuilt-modules/26.5/XPC.swiftmodule/arm64e-apple-ios.swiftmodule /Applications/Xcode_26.6.app/Contents/Developer/Toolchains/XcodeDefault.xctoolchain/usr/lib/swift/iphoneos/prebuilt-modules/26.5/os.swiftmodule/arm64e-apple-ios.swiftmodule /Applications/Xcode_26.6.app/Contents/Developer/Toolchains/XcodeDefault.xctoolchain/usr/lib/swift/iphoneos/prebuilt-modules/26.5/OSLog.swiftmodule/arm64e-apple-ios.swiftmodule /Applications/Xcode_26.6.app/Contents/Developer/Toolchains/XcodeDefault.xctoolchain/usr/lib/swift/iphoneos/prebuilt-modules/26.5/Swift.swiftmodule/arm64e-apple-ios.swiftmodule /Applications/Xcode_26.6.app/Contents/Developer/Toolchains/XcodeDefault.xctoolchain/usr/lib/swift/iphoneos/prebuilt-modules/26.5/CoreGraphics.swiftmodule/arm64e-apple-ios.swiftmodule /Applications/Xcode_26.6.app/Contents/Developer/Toolchains/XcodeDefault.xctoolchain/usr/lib/swift/iphoneos/prebuilt-modules/26.5/ObjectiveC.swiftmodule/arm64e-apple-ios.swiftmodule /Applications/Xcode_26.6.app/Contents/Developer/Toolchains/XcodeDefault.xctoolchain/usr/lib/swift/iphoneos/prebuilt-modules/26.5/_Concurrency.swiftmodule/arm64e-apple-ios.swiftmodule /Applications/Xcode_26.6.app/Contents/Developer/Toolchains/XcodeDefault.xctoolchain/usr/lib/swift/iphoneos/prebuilt-modules/26.5/_DarwinFoundation1.swiftmodule/arm64e-apple-ios.swiftmodule /Applications/Xcode_26.6.app/Contents/Developer/Toolchains/XcodeDefault.xctoolchain/usr/lib/swift/iphoneos/prebuilt-modules/26.5/CoreImage.swiftmodule/arm64e-apple-ios.swiftmodule /Applications/Xcode_26.6.app/Contents/Developer/Toolchains/XcodeDefault.xctoolchain/usr/lib/swift/iphoneos/prebuilt-modules/26.5/Accessibility.swiftmodule/arm64e-apple-ios.swiftmodule /Applications/Xcode_26.6.app/Contents/Developer/Toolchains/XcodeDefault.xctoolchain/usr/lib/swift/iphoneos/prebuilt-modules/26.5/SwiftUICore.swiftmodule/arm64e-apple-ios.swiftmodule /Applications/Xcode_26.6.app/Contents/Developer/Toolchains/XcodeDefault.xctoolchain/usr/lib/swift/iphoneos/prebuilt-modules/26.5/CoreVideo.swiftmodule/arm64e-apple-ios.swiftmodule /Applications/Xcode_26.6.app/Contents/Developer/Toolchains/XcodeDefault.xctoolchain/usr/lib/swift/iphoneos/prebuilt-modules/26.5/Metal.swiftmodule/arm64e-apple-ios.swiftmodule /Applications/Xcode_26.6.app/Contents/Developer/Toolchains/XcodeDefault.xctoolchain/usr/lib/swift/iphoneos/prebuilt-modules/26.5/CoreText.swiftmodule/arm64e-apple-ios.swiftmodule /Applications/Xcode_26.6.app/Contents/Developer/Toolchains/XcodeDefault.xctoolchain/usr/lib/swift/iphoneos/prebuilt-modules/26.5/Foundation.swiftmodule/arm64e-apple-ios.swiftmodule /Applications/Xcode_26.6.app/Contents/Developer/Toolchains/XcodeDefault.xctoolchain/usr/lib/swift/iphoneos/prebuilt-modules/26.5/simd.swiftmodule/arm64e-apple-ios.swiftmodule /Applications/Xcode_26.6.app/Contents/Developer/Toolchains/XcodeDefault.xctoolchain/usr/lib/swift/iphoneos/prebuilt-modules/26.5/Darwin.swiftmodule/arm64e-apple-ios.swiftmodule /Applications/Xcode_26.6.app/Contents/Developer/Toolchains/XcodeDefault.xctoolchain/usr/lib/swift/iphoneos/prebuilt-modules/26.5/System.swiftmodule/arm64e-apple-ios.swiftmodule /Applications/Xcode_26.6.app/Contents/Developer/Toolchains/XcodeDefault.xctoolchain/usr/lib/swift/iphoneos/prebuilt-modules/26.5/QuartzCore.swiftmodule/arm64e-apple-ios.swiftmodule /Applications/Xcode_26.6.app/Contents/Developer/Toolchains/XcodeDefault.xctoolchain/usr/lib/swift/iphoneos/prebuilt-modules/26.5/UniformTypeIdentifiers.swiftmodule/arm64e-apple-ios.swiftmodule /Users/runner/work/8ballspicy/8ballspicy/MrSpicyUI/build-device/ModuleCache.noindex/os_workgroup-B04FXGK37OKEA61UGOAWZU8VR.pcm /Users/runner/work/8ballspicy/8ballspicy/MrSpicyUI/build-device/ModuleCache.noindex/CoreImage-32WBB3EQWAHDM1WVETYZN4KRI.pcm /Users/runner/work/8ballspicy/8ballspicy/MrSpicyUI/build-device/ModuleCache.noindex/Dispatch-9BYX62M969NL1GL8P4KKCMJ2X.pcm /Users/runner/work/8ballspicy/8ballspicy/MrSpicyUI/build-device/ModuleCache.noindex/MachO-6CQ2ECOKFPWNDZBY690ALKNVK.pcm /Users/runner/work/8ballspicy/8ballspicy/MrSpicyUI/build-device/ModuleCache.noindex/_Builtin_stdbool-16XHU3FLKM8FV8C5YZPNOJZ6K.pcm /Users/runner/work/8ballspicy/8ballspicy/MrSpicyUI/build-device/ModuleCache.noindex/Spatial-A6J4243VL5U87KZTG0CWLI27F.pcm /Users/runner/work/8ballspicy/8ballspicy/MrSpicyUI/build-device/ModuleCache.noindex/SwiftShims-CFMH802Y91WIA6KSERRC3N9Z.pcm /Users/runner/work/8ballspicy/8ballspicy/MrSpicyUI/build-device/ModuleCache.noindex/CoreTransferable-1NGS13EGOZP44YGO53Z2QFWYN.pcm /Users/runner/work/8ballspicy/8ballspicy/MrSpicyUI/build-device/ModuleCache.noindex/CoreText-16THYJNH4JUYWMP71KBLV3F5D.pcm /Users/runner/work/8ballspicy/8ballspicy/MrSpicyUI/build-device/ModuleCache.noindex/_DarwinFoundation1-84497WFLMUM7RWMURG5LC6M8T.pcm /Users/runner/work/8ballspicy/8ballspicy/MrSpicyUI/build-device/ModuleCache.noindex/_SwiftConcurrencyShims-E909AI5WHNGT8BE3DUBY544BR.pcm /Users/runner/work/8ballspicy/8ballspicy/MrSpicyUI/build-device/ModuleCache.noindex/_Builtin_tgmath-8DJWAUZC5DIU4I7LUIW96PX7N.pcm /Users/runner/work/8ballspicy/8ballspicy/MrSpicyUI/build-device/ModuleCache.noindex/DeveloperToolsSupport-AV0SR38JK5BDTJ73W4C6VXFV8.pcm /Users/runner/work/8ballspicy/8ballspicy/MrSpicyUI/build-device/ModuleCache.noindex/DataDetection-43SC28LC7EUZ3RJZY0JLGBPVO.pcm /Users/runner/work/8ballspicy/8ballspicy/MrSpicyUI/build-device/ModuleCache.noindex/Accessibility-315D9L29XNCYMHT2L5LUITKII.pcm /Users/runner/work/8ballspicy/8ballspicy/MrSpicyUI/build-device/ModuleCache.noindex/CoreGraphics-DKDL65TKN27J4J0W634TIN0CR.pcm /Users/runner/work/8ballspicy/8ballspicy/MrSpicyUI/build-device/ModuleCache.noindex/sys_types-5K8FT25CRBKGMH1NQLANBFZEG.pcm /Users/runner/work/8ballspicy/8ballspicy/MrSpicyUI/build-device/ModuleCache.noindex/_Builtin_intrinsics-E1HSXF224I3KTSNOWM8RWFVX1.pcm /Users/runner/work/8ballspicy/8ballspicy/MrSpicyUI/build-device/ModuleCache.noindex/Symbols-AB4YP8AMMHD146D5WX50PJDOM.pcm /Users/runner/work/8ballspicy/8ballspicy/MrSpicyUI/build-device/ModuleCache.noindex/UIKit-A74P328D8D8XK4ZJA4KTKFVTV.pcm /Users/runner/work/8ballspicy/8ballspicy/MrSpicyUI/build-device/ModuleCache.noindex/FileProvider-JLVKDSTVNP1ELAP1DYZO9X8I.pcm /Users/runner/work/8ballspicy/8ballspicy/MrSpicyUI/build-device/ModuleCache.noindex/ptrcheck-CF14IUIZE1DJ8TGFXF9EJQ0OC.pcm /Users/runner/work/8ballspicy/8ballspicy/MrSpicyUI/build-device/ModuleCache.noindex/os_object-6TX723EN0F09MCZUDBOBITO3U.pcm /Users/runner/work/8ballspicy/8ballspicy/MrSpicyUI/build-device/ModuleCache.noindex/simd-4OK4U4Z5KPZT4EDZXZXKMLGCL.pcm /Users/runner/work/8ballspicy/8ballspicy/MrSpicyUI/build-device/ModuleCache.noindex/_Builtin_stddef-7O68RO5149W95KWIVK1JZ0F4L.pcm /Users/runner/work/8ballspicy/8ballspicy/MrSpicyUI/build-device/ModuleCache.noindex/os-5O9M1BGURBTU6QG0HY8V0P7PX.pcm /Users/runner/work/8ballspicy/8ballspicy/MrSpicyUI/build-device/ModuleCache.noindex/UIUtilities-3767C0Q9V4SKKBFFINGP8UPUM.pcm /Users/runner/work/8ballspicy/8ballspicy/MrSpicyUI/build-device/ModuleCache.noindex/ObjectiveC-CBF219J3C1DXB10V9EEP03J3K.pcm /Users/runner/work/8ballspicy/8ballspicy/MrSpicyUI/build-device/ModuleCache.noindex/IOSurface-EGQBAGKF66UAPBRUEPH7D1GBM.pcm /Users/runner/work/8ballspicy/8ballspicy/MrSpicyUI/build-device/ModuleCache.noindex/_Builtin_stdarg-5UTGOJFD5KHO0XRNJT3YA8PCR.pcm /Users/runner/work/8ballspicy/8ballspicy/MrSpicyUI/build-device/ModuleCache.noindex/Security-A1PO6OQQZL0OZORSOMSVQG73J.pcm /Users/runner/work/8ballspicy/8ballspicy/MrSpicyUI/build-device/ModuleCache.noindex/Darwin-2OSTS16VBJXTG11RP0PWC68MZ.pcm /Users/runner/work/8ballspicy/8ballspicy/MrSpicyUI/build-device/ModuleCache.noindex/CFNetwork-2HBLFUUF3G1C35H4LGA4EW6BC.pcm /Users/runner/work/8ballspicy/8ballspicy/MrSpicyUI/build-device/ModuleCache.noindex/_Builtin_float-9RZD26YJK9VY2FTNLOO3W4AY6.pcm /Users/runner/work/8ballspicy/8ballspicy/MrSpicyUI/build-device/ModuleCache.noindex/_Builtin_stdatomic-1GEUK61Q9UBJPSA1MP8MD1RS0.pcm /Users/runner/work/8ballspicy/8ballspicy/MrSpicyUI/build-device/ModuleCache.noindex/UniformTypeIdentifiers-BVB5BFZXHIYS4ROULK6IFF1QM.pcm /Users/runner/work/8ballspicy/8ballspicy/MrSpicyUI/build-device/ModuleCache.noindex/QuartzCore-EL873338XAC7CHO8IVL8ZYHAM.pcm /Users/runner/work/8ballspicy/8ballspicy/MrSpicyUI/build-device/ModuleCache.noindex/_Builtin_limits-A2P30L0K87263PU5XOSH70TYR.pcm /Users/runner/work/8ballspicy/8ballspicy/MrSpicyUI/build-device/ModuleCache.noindex/ImageIO-D9Z001R00KNKRHHXZWBB96JV2.pcm /Users/runner/work/8ballspicy/8ballspicy/MrSpicyUI/build-device/ModuleCache.noindex/CoreVideo-7MP05QCXE1W0XZZJAEHBQ84UB.pcm /Users/runner/work/8ballspicy/8ballspicy/MrSpicyUI/build-device/ModuleCache.noindex/_DarwinFoundation2-DWCHF9WYW5L67IHN3J77SLA4O.pcm /Users/runner/work/8ballspicy/8ballspicy/MrSpicyUI/build-device/ModuleCache.noindex/UserNotifications-4WEMOWGF2EOUZ4PY50PX0T2C4.pcm /Users/runner/work/8ballspicy/8ballspicy/MrSpicyUI/build-device/ModuleCache.noindex/_AvailabilityInternal-838QZQZO5M6MJE8HE09MZIIRR.pcm /Users/runner/work/8ballspicy/8ballspicy/MrSpicyUI/build-device/ModuleCache.noindex/_DarwinFoundation3-FAURNDAV7PJRN2CHM92GFTJO.pcm /Users/runner/work/8ballspicy/8ballspicy/MrSpicyUI/build-device/ModuleCache.noindex/Metal-AIDSJ73ZQLUQB0I03K3C887UA.pcm /Users/runner/work/8ballspicy/8ballspicy/MrSpicyUI/build-device/ModuleCache.noindex/Foundation-ANDZMOVM5ORDR886GH4UBXPJO.pcm /Users/runner/work/8ballspicy/8ballspicy/MrSpicyUI/build-device/ModuleCache.noindex/ptrauth-CII211QE4LDEBQAG95WSKAGAA.pcm /Users/runner/work/8ballspicy/8ballspicy/MrSpicyUI/build-device/ModuleCache.noindex/OpenGLES-DY1C7JURSE0UX6PX3VV25DJU4.pcm /Users/runner/work/8ballspicy/8ballspicy/MrSpicyUI/build-device/ModuleCache.noindex/_Builtin_inttypes-30SF53J43S93YEDVHBR1XP6QD.pcm /Users/runner/work/8ballspicy/8ballspicy/MrSpicyUI/build-device/ModuleCache.noindex/CoreFoundation-2CANZIHIP11YV189B9X6CUX21.pcm /Users/runner/work/8ballspicy/8ballspicy/MrSpicyUI/build-device/ModuleCache.noindex/XPC-AUZT3W4AP29470LV6LXV8UOKH.pcm /Users/runner/work/8ballspicy/8ballspicy/MrSpicyUI/build-device/ModuleCache.noindex/_Builtin_stdint-1JKPOWUREB8DJ6312V5QKJ2GX.pcm /Users/runner/work/8ballspicy/8ballspicy/MrSpicyUI/build-device/ModuleCache.noindex/SwiftUICore-9OVE53E363LW6OTS1MFJXVFN7.pcm /Users/runner/work/8ballspicy/8ballspicy/MrSpicyUI/build-device/ModuleCache.noindex/OSLog-622JQ3YPWWVD5AHPASRB4N4IF.pcm /Users/runner/work/8ballspicy/8ballspicy/MrSpicyUI/build-device/Build/Intermediates.noindex/MrSpicyUI.build/Release-iphoneos/MrSpicyUI.build/Objects-normal/arm64/MrSpicyUI-dependencies-1.json (in target 'MrSpicyUI' from project 'MrSpicyUI')

CompileSwift normal arm64 (in target 'MrSpicyUI' from project 'MrSpicyUI')
    cd /Users/runner/work/8ballspicy/8ballspicy/MrSpicyUI/.swiftpm/xcode
    

SwiftDriverJobDiscovery normal arm64 Compiling resource_bundle_accessor.swift, SpicyAccessibility.swift, SpicyBrand.swift, SpicyHeaderView.swift, SpicyHostBridge.swift, SpicyLocalization.swift, SpicyOverlayViewController.swift, SpicyPreferences.swift, SpicySettingsView.swift, SpicyTheme.swift, SpicyVersion.swift (in target 'MrSpicyUI' from project 'MrSpicyUI')

SwiftDriver\ Compilation\ Requirements MrSpicyUI normal arm64 com.apple.xcode.tools.swift.compiler (in target 'MrSpicyUI' from project 'MrSpicyUI')
    cd /Users/runner/work/8ballspicy/8ballspicy/MrSpicyUI/.swiftpm/xcode
    builtin-Swift-Compilation-Requirements -- /Applications/Xcode_26.6.app/Contents/Developer/Toolchains/XcodeDefault.xctoolchain/usr/bin/swiftc -module-name MrSpicyUI -O -whole-module-optimization @/Users/runner/work/8ballspicy/8ballspicy/MrSpicyUI/build-device/Build/Intermediates.noindex/MrSpicyUI.build/Release-iphoneos/MrSpicyUI.build/Objects-normal/arm64/MrSpicyUI.SwiftFileList -DSWIFT_PACKAGE -DSWIFT_MODULE_RESOURCE_BUNDLE_AVAILABLE -DXcode -plugin-path /Applications/Xcode_26.6.app/Contents/Developer/Toolchains/XcodeDefault.xctoolchain/usr/lib/swift/host/plugins/testing -enable-experimental-feature DebugDescriptionMacro -sdk /Applications/Xcode_26.6.app/Contents/Developer/Platforms/iPhoneOS.platform/Developer/SDKs/iPhoneOS26.5.sdk -target arm64-apple-ios13.0 -g -module-cache-path /Users/runner/work/8ballspicy/8ballspicy/MrSpicyUI/build-device/ModuleCache.noindex -Xfrontend -serialize-debugging-options -profile-coverage-mapping -profile-generate -swift-version 5 -I /Users/runner/work/8ballspicy/8ballspicy/MrSpicyUI/build-device/Build/Products/Release-iphoneos -Isystem /Applications/Xcode_26.6.app/Contents/Developer/Platforms/iPhoneOS.platform/Developer/usr/lib -F /Users/runner/work/8ballspicy/8ballspicy/MrSpicyUI/build-device/Build/Products/Release-iphoneos -F /Applications/Xcode_26.6.app/Contents/Developer/Platforms/iPhoneOS.platform/Developer/Library/Frameworks -F /Applications/Xcode_26.6.app/Contents/Developer/Platforms/iPhoneOS.platform/Developer/SDKs/iPhoneOS26.5.sdk/Developer/Library/Frameworks -emit-localized-strings -emit-localized-strings-path /Users/runner/work/8ballspicy/8ballspicy/MrSpicyUI/build-device/Build/Intermediates.noindex/MrSpicyUI.build/Release-iphoneos/MrSpicyUI.build/Objects-normal/arm64 -c -num-threads 3 -Xcc -ivfsstatcache -Xcc /Users/runner/work/8ballspicy/8ballspicy/MrSpicyUI/build-device/SDKStatCaches.noindex/iphoneos26.5-23F81a-688ef53f1462e2c8f657fdc38a81448fee66e23052a0157c865c76b268046726.sdkstatcache -output-file-map /Users/runner/work/8ballspicy/8ballspicy/MrSpicyUI/build-device/Build/Intermediates.noindex/MrSpicyUI.build/Release-iphoneos/MrSpicyUI.build/Objects-normal/arm64/MrSpicyUI-OutputFileMap.json -use-frontend-parseable-output -save-temps -no-color-diagnostics -explicit-module-build -module-cache-path /Users/runner/work/8ballspicy/8ballspicy/MrSpicyUI/build-device/Build/Intermediates.noindex/SwiftExplicitPrecompiledModules -clang-scanner-module-cache-path /Users/runner/work/8ballspicy/8ballspicy/MrSpicyUI/build-device/ModuleCache.noindex -sdk-module-cache-path /Users/runner/work/8ballspicy/8ballspicy/MrSpicyUI/build-device/ModuleCache.noindex -serialize-diagnostics -emit-dependencies -emit-module -emit-module-path /Users/runner/work/8ballspicy/8ballspicy/MrSpicyUI/build-device/Build/Intermediates.noindex/MrSpicyUI.build/Release-iphoneos/MrSpicyUI.build/Objects-normal/arm64/MrSpicyUI.swiftmodule -validate-clang-modules-once -clang-build-session-file /Users/runner/work/8ballspicy/8ballspicy/MrSpicyUI/build-device/ModuleCache.noindex/Session.modulevalidation -package-name mrspicyui -Xcc -I/Users/runner/work/8ballspicy/8ballspicy/MrSpicyUI/build-device/Build/Intermediates.noindex/MrSpicyUI.build/Release-iphoneos/MrSpicyUI.build/swift-overrides.hmap -emit-const-values -Xfrontend -const-gather-protocols-file -Xfrontend /Users/runner/work/8ballspicy/8ballspicy/MrSpicyUI/build-device/Build/Intermediates.noindex/MrSpicyUI.build/Release-iphoneos/MrSpicyUI.build/Objects-normal/arm64/MrSpicyUI_const_extract_protocols.json -Xcc -I/Users/runner/work/8ballspicy/8ballspicy/MrSpicyUI/build-device/Build/Products/Release-iphoneos/include -Xcc -I/Users/runner/work/8ballspicy/8ballspicy/MrSpicyUI/build-device/Build/Intermediates.noindex/MrSpicyUI.build/Release-iphoneos/MrSpicyUI.build/DerivedSources-normal/arm64 -Xcc -I/Users/runner/work/8ballspicy/8ballspicy/MrSpicyUI/build-device/Build/Intermediates.noindex/MrSpicyUI.build/Release-iphoneos/MrSpicyUI.build/DerivedSources/arm64 -Xcc -I/Users/runner/work/8ballspicy/8ballspicy/MrSpicyUI/build-device/Build/Intermediates.noindex/MrSpicyUI.build/Release-iphoneos/MrSpicyUI.build/DerivedSources -Xcc -DSWIFT_PACKAGE -emit-objc-header -emit-objc-header-path /Users/runner/work/8ballspicy/8ballspicy/MrSpicyUI/build-device/Build/Intermediates.noindex/MrSpicyUI.build/Release-iphoneos/MrSpicyUI.build/Objects-normal/arm64/MrSpicyUI-Swift.h -working-directory /Users/runner/work/8ballspicy/8ballspicy/MrSpicyUI/.swiftpm/xcode -no-emit-module-separately-wmo

SwiftMergeGeneratedHeaders /Users/runner/work/8ballspicy/8ballspicy/MrSpicyUI/build-device/Build/Intermediates.noindex/GeneratedModuleMaps-iphoneos/MrSpicyUI-Swift.h /Users/runner/work/8ballspicy/8ballspicy/MrSpicyUI/build-device/Build/Intermediates.noindex/MrSpicyUI.build/Release-iphoneos/MrSpicyUI.build/Objects-normal/arm64/MrSpicyUI-Swift.h (in target 'MrSpicyUI' from project 'MrSpicyUI')
    cd /Users/runner/work/8ballspicy/8ballspicy/MrSpicyUI
    builtin-swiftHeaderTool -arch arm64 /Users/runner/work/8ballspicy/8ballspicy/MrSpicyUI/build-device/Build/Intermediates.noindex/MrSpicyUI.build/Release-iphoneos/MrSpicyUI.build/Objects-normal/arm64/MrSpicyUI-Swift.h -o /Users/runner/work/8ballspicy/8ballspicy/MrSpicyUI/build-device/Build/Intermediates.noindex/GeneratedModuleMaps-iphoneos/MrSpicyUI-Swift.h

Copy /Users/runner/work/8ballspicy/8ballspicy/MrSpicyUI/build-device/Build/Products/Release-iphoneos/MrSpicyUI.swiftmodule/arm64-apple-ios.swiftmodule /Users/runner/work/8ballspicy/8ballspicy/MrSpicyUI/build-device/Build/Intermediates.noindex/MrSpicyUI.build/Release-iphoneos/MrSpicyUI.build/Objects-normal/arm64/MrSpicyUI.swiftmodule (in target 'MrSpicyUI' from project 'MrSpicyUI')
    cd /Users/runner/work/8ballspicy/8ballspicy/MrSpicyUI
    builtin-copy -exclude .DS_Store -exclude CVS -exclude .svn -exclude .git -exclude .hg -strip-unsigned-binaries -strip-deterministic -strip-tool /Applications/Xcode_26.6.app/Contents/Developer/Toolchains/XcodeDefault.xctoolchain/usr/bin/strip -resolve-src-symlinks -rename /Users/runner/work/8ballspicy/8ballspicy/MrSpicyUI/build-device/Build/Intermediates.noindex/MrSpicyUI.build/Release-iphoneos/MrSpicyUI.build/Objects-normal/arm64/MrSpicyUI.swiftmodule /Users/runner/work/8ballspicy/8ballspicy/MrSpicyUI/build-device/Build/Products/Release-iphoneos/MrSpicyUI.swiftmodule/arm64-apple-ios.swiftmodule

Copy /Users/runner/work/8ballspicy/8ballspicy/MrSpicyUI/build-device/Build/Products/Release-iphoneos/MrSpicyUI.swiftmodule/arm64-apple-ios.swiftdoc /Users/runner/work/8ballspicy/8ballspicy/MrSpicyUI/build-device/Build/Intermediates.noindex/MrSpicyUI.build/Release-iphoneos/MrSpicyUI.build/Objects-normal/arm64/MrSpicyUI.swiftdoc (in target 'MrSpicyUI' from project 'MrSpicyUI')
    cd /Users/runner/work/8ballspicy/8ballspicy/MrSpicyUI
    builtin-copy -exclude .DS_Store -exclude CVS -exclude .svn -exclude .git -exclude .hg -strip-unsigned-binaries -strip-deterministic -strip-tool /Applications/Xcode_26.6.app/Contents/Developer/Toolchains/XcodeDefault.xctoolchain/usr/bin/strip -resolve-src-symlinks -rename /Users/runner/work/8ballspicy/8ballspicy/MrSpicyUI/build-device/Build/Intermediates.noindex/MrSpicyUI.build/Release-iphoneos/MrSpicyUI.build/Objects-normal/arm64/MrSpicyUI.swiftdoc /Users/runner/work/8ballspicy/8ballspicy/MrSpicyUI/build-device/Build/Products/Release-iphoneos/MrSpicyUI.swiftmodule/arm64-apple-ios.swiftdoc

Copy /Users/runner/work/8ballspicy/8ballspicy/MrSpicyUI/build-device/Build/Products/Release-iphoneos/MrSpicyUI.swiftmodule/arm64-apple-ios.abi.json /Users/runner/work/8ballspicy/8ballspicy/MrSpicyUI/build-device/Build/Intermediates.noindex/MrSpicyUI.build/Release-iphoneos/MrSpicyUI.build/Objects-normal/arm64/MrSpicyUI.abi.json (in target 'MrSpicyUI' from project 'MrSpicyUI')
    cd /Users/runner/work/8ballspicy/8ballspicy/MrSpicyUI
    builtin-copy -exclude .DS_Store -exclude CVS -exclude .svn -exclude .git -exclude .hg -strip-unsigned-binaries -strip-deterministic -strip-tool /Applications/Xcode_26.6.app/Contents/Developer/Toolchains/XcodeDefault.xctoolchain/usr/bin/strip -resolve-src-symlinks -rename /Users/runner/work/8ballspicy/8ballspicy/MrSpicyUI/build-device/Build/Intermediates.noindex/MrSpicyUI.build/Release-iphoneos/MrSpicyUI.build/Objects-normal/arm64/MrSpicyUI.abi.json /Users/runner/work/8ballspicy/8ballspicy/MrSpicyUI/build-device/Build/Products/Release-iphoneos/MrSpicyUI.swiftmodule/arm64-apple-ios.abi.json

Copy /Users/runner/work/8ballspicy/8ballspicy/MrSpicyUI/build-device/Build/Products/Release-iphoneos/MrSpicyUI.swiftmodule/Project/arm64-apple-ios.swiftsourceinfo /Users/runner/work/8ballspicy/8ballspicy/MrSpicyUI/build-device/Build/Intermediates.noindex/MrSpicyUI.build/Release-iphoneos/MrSpicyUI.build/Objects-normal/arm64/MrSpicyUI.swiftsourceinfo (in target 'MrSpicyUI' from project 'MrSpicyUI')
    cd /Users/runner/work/8ballspicy/8ballspicy/MrSpicyUI
    builtin-copy -exclude .DS_Store -exclude CVS -exclude .svn -exclude .git -exclude .hg -strip-unsigned-binaries -strip-deterministic -strip-tool /Applications/Xcode_26.6.app/Contents/Developer/Toolchains/XcodeDefault.xctoolchain/usr/bin/strip -resolve-src-symlinks -rename /Users/runner/work/8ballspicy/8ballspicy/MrSpicyUI/build-device/Build/Intermediates.noindex/MrSpicyUI.build/Release-iphoneos/MrSpicyUI.build/Objects-normal/arm64/MrSpicyUI.swiftsourceinfo /Users/runner/work/8ballspicy/8ballspicy/MrSpicyUI/build-device/Build/Products/Release-iphoneos/MrSpicyUI.swiftmodule/Project/arm64-apple-ios.swiftsourceinfo

Ld /Users/runner/work/8ballspicy/8ballspicy/MrSpicyUI/build-device/Build/Products/Release-iphoneos/MrSpicyUI.o normal (in target 'MrSpicyUI' from project 'MrSpicyUI')
    cd /Users/runner/work/8ballspicy/8ballspicy/MrSpicyUI
    /Applications/Xcode_26.6.app/Contents/Developer/Toolchains/XcodeDefault.xctoolchain/usr/bin/clang -Xlinker -reproducible -target arm64-apple-ios13.0 -r -isysroot /Applications/Xcode_26.6.app/Contents/Developer/Platforms/iPhoneOS.platform/Developer/SDKs/iPhoneOS26.5.sdk -Os -F/Users/runner/work/8ballspicy/8ballspicy/MrSpicyUI/build-device/Build/Intermediates.noindex/EagerLinkingTBDs/Release-iphoneos -F/Users/runner/work/8ballspicy/8ballspicy/MrSpicyUI/build-device/Build/Products/Release-iphoneos -iframework /Applications/Xcode_26.6.app/Contents/Developer/Platforms/iPhoneOS.platform/Developer/Library/Frameworks -iframework /Applications/Xcode_26.6.app/Contents/Developer/Platforms/iPhoneOS.platform/Developer/SDKs/iPhoneOS26.5.sdk/Developer/Library/Frameworks -filelist /Users/runner/work/8ballspicy/8ballspicy/MrSpicyUI/build-device/Build/Intermediates.noindex/MrSpicyUI.build/Release-iphoneos/MrSpicyUI.build/Objects-normal/arm64/MrSpicyUI.LinkFileList -nostdlib -Xlinker -object_path_lto -Xlinker /Users/runner/work/8ballspicy/8ballspicy/MrSpicyUI/build-device/Build/Intermediates.noindex/MrSpicyUI.build/Release-iphoneos/MrSpicyUI.build/Objects-normal/arm64/MrSpicyUI_lto.o -Xlinker -debug_variant -Xlinker -dependency_info -Xlinker /Users/runner/work/8ballspicy/8ballspicy/MrSpicyUI/build-device/Build/Intermediates.noindex/MrSpicyUI.build/Release-iphoneos/MrSpicyUI.build/Objects-normal/arm64/MrSpicyUI_dependency_info.dat -fobjc-link-runtime -L/Applications/Xcode_26.6.app/Contents/Developer/Toolchains/XcodeDefault.xctoolchain/usr/lib/swift/iphoneos -L/usr/lib/swift -Xlinker -add_ast_path -Xlinker /Users/runner/work/8ballspicy/8ballspicy/MrSpicyUI/build-device/Build/Intermediates.noindex/MrSpicyUI.build/Release-iphoneos/MrSpicyUI.build/Objects-normal/arm64/MrSpicyUI.swiftmodule @/Users/runner/work/8ballspicy/8ballspicy/MrSpicyUI/build-device/Build/Intermediates.noindex/MrSpicyUI.build/Release-iphoneos/MrSpicyUI.build/Objects-normal/arm64/MrSpicyUI-linker-args.resp -o /Users/runner/work/8ballspicy/8ballspicy/MrSpicyUI/build-device/Build/Products/Release-iphoneos/MrSpicyUI.o

ExtractAppIntentsMetadata (in target 'MrSpicyUI' from project 'MrSpicyUI')
    cd /Users/runner/work/8ballspicy/8ballspicy/MrSpicyUI
    /Applications/Xcode_26.6.app/Contents/Developer/Toolchains/XcodeDefault.xctoolchain/usr/bin/appintentsmetadataprocessor --toolchain-dir /var/run/com.apple.security.cryptexd/mnt/com.apple.MobileAsset.MetalToolchain-v17.6.109.0.Enlb15/Metal.xctoolchain --module-name MrSpicyUI --sdk-root /Applications/Xcode_26.6.app/Contents/Developer/Platforms/iPhoneOS.platform/Developer/SDKs/iPhoneOS26.5.sdk --xcode-version 17F113 --platform-family iOS --deployment-target 13.0 --bundle-identifier mrspicyui.MrSpicyUI --output /Users/runner/work/8ballspicy/8ballspicy/MrSpicyUI/build-device/Build/Products/Release-iphoneos/MrSpicyUI.appintents --target-triple arm64-apple-ios13.0 --binary-file /Users/runner/work/8ballspicy/8ballspicy/MrSpicyUI/build-device/Build/Products/Release-iphoneos/MrSpicyUI.o --dependency-file /Users/runner/work/8ballspicy/8ballspicy/MrSpicyUI/build-device/Build/Intermediates.noindex/MrSpicyUI.build/Release-iphoneos/MrSpicyUI.build/Objects-normal/arm64/MrSpicyUI_dependency_info.dat --stringsdata-file /Users/runner/work/8ballspicy/8ballspicy/MrSpicyUI/build-device/Build/Intermediates.noindex/MrSpicyUI.build/Release-iphoneos/MrSpicyUI.build/Objects-normal/arm64/ExtractedAppShortcutsMetadata.stringsdata --source-file-list /Users/runner/work/8ballspicy/8ballspicy/MrSpicyUI/build-device/Build/Intermediates.noindex/MrSpicyUI.build/Release-iphoneos/MrSpicyUI.build/Objects-normal/arm64/MrSpicyUI.SwiftFileList --metadata-file-list /Users/runner/work/8ballspicy/8ballspicy/MrSpicyUI/build-device/Build/Intermediates.noindex/MrSpicyUI.build/Release-iphoneos/MrSpicyUI.build/MrSpicyUI.DependencyMetadataFileList --static-metadata-file-list /Users/runner/work/8ballspicy/8ballspicy/MrSpicyUI/build-device/Build/Intermediates.noindex/MrSpicyUI.build/Release-iphoneos/MrSpicyUI.build/MrSpicyUI.DependencyStaticMetadataFileList --swift-const-vals-list /Users/runner/work/8ballspicy/8ballspicy/MrSpicyUI/build-device/Build/Intermediates.noindex/MrSpicyUI.build/Release-iphoneos/MrSpicyUI.build/Objects-normal/arm64/MrSpicyUI.SwiftConstValuesFileList --force --compile-time-extraction --deployment-aware-processing --validate-assistant-intents --no-app-shortcuts-localization
2026-10-09 09:56:05.570 appintentsmetadataprocessor[14533:43982] Starting appintentsmetadataprocessor export
2026-10-09 09:56:05.627 appintentsmetadataprocessor[14533:43982] Extracted no relevant App Intents symbols, skipping writing output

RegisterExecutionPolicyException /Users/runner/work/8ballspicy/8ballspicy/MrSpicyUI/build-device/Build/Products/Release-iphoneos/MrSpicyUI.o (in target 'MrSpicyUI' from project 'MrSpicyUI')
    cd /Users/runner/work/8ballspicy/8ballspicy/MrSpicyUI
    builtin-RegisterExecutionPolicyException /Users/runner/work/8ballspicy/8ballspicy/MrSpicyUI/build-device/Build/Products/Release-iphoneos/MrSpicyUI.o

** BUILD SUCCEEDED **

